  main.cpp
D:\Мой код\myC++_GPT4_raycasting_freeglut\myC++_GPT4_raycasting_freeglut\main.cpp(47,26): warning C4305: инициализация: усечение из "double" в "float"
D:\Мой код\myC++_GPT4_raycasting_freeglut\myC++_GPT4_raycasting_freeglut\main.cpp(64,24): warning C4305: инициализация: усечение из "double" в "float"
D:\Мой код\myC++_GPT4_raycasting_freeglut\myC++_GPT4_raycasting_freeglut\main.cpp(141,26): warning C4244: инициализация: преобразование "double" в "float", возможна потеря данных
D:\Мой код\myC++_GPT4_raycasting_freeglut\myC++_GPT4_raycasting_freeglut\main.cpp(142,26): warning C4244: инициализация: преобразование "double" в "float", возможна потеря данных
D:\Мой код\myC++_GPT4_raycasting_freeglut\myC++_GPT4_raycasting_freeglut\main.cpp(155,48): warning C4244: =: преобразование "double" в "float", возможна потеря данных
D:\Мой код\myC++_GPT4_raycasting_freeglut\myC++_GPT4_raycasting_freeglut\main.cpp(163,48): warning C4244: =: преобразование "double" в "float", возможна потеря данных
D:\Мой код\myC++_GPT4_raycasting_freeglut\myC++_GPT4_raycasting_freeglut\main.cpp(197,28): warning C4244: аргумент: преобразование "double" в "GLfloat", возможна потеря данных
D:\Мой код\myC++_GPT4_raycasting_freeglut\myC++_GPT4_raycasting_freeglut\main.cpp(198,28): warning C4244: аргумент: преобразование "double" в "GLfloat", возможна потеря данных
D:\Мой код\myC++_GPT4_raycasting_freeglut\myC++_GPT4_raycasting_freeglut\main.cpp(216,26): warning C4244: инициализация: преобразование "double" в "float", возможна потеря данных
D:\Мой код\myC++_GPT4_raycasting_freeglut\myC++_GPT4_raycasting_freeglut\main.cpp(217,26): warning C4244: инициализация: преобразование "double" в "float", возможна потеря данных
D:\Мой код\myC++_GPT4_raycasting_freeglut\myC++_GPT4_raycasting_freeglut\main.cpp(230,48): warning C4244: =: преобразование "double" в "float", возможна потеря данных
D:\Мой код\myC++_GPT4_raycasting_freeglut\myC++_GPT4_raycasting_freeglut\main.cpp(238,48): warning C4244: =: преобразование "double" в "float", возможна потеря данных
D:\Мой код\myC++_GPT4_raycasting_freeglut\myC++_GPT4_raycasting_freeglut\main.cpp(272,28): warning C4244: аргумент: преобразование "double" в "GLfloat", возможна потеря данных
D:\Мой код\myC++_GPT4_raycasting_freeglut\myC++_GPT4_raycasting_freeglut\main.cpp(273,28): warning C4244: аргумент: преобразование "double" в "GLfloat", возможна потеря данных
D:\Мой код\myC++_GPT4_raycasting_freeglut\myC++_GPT4_raycasting_freeglut\main.cpp(302,47): warning C4244: аргумент: преобразование "double" в "GLfloat", возможна потеря данных
D:\Мой код\myC++_GPT4_raycasting_freeglut\myC++_GPT4_raycasting_freeglut\main.cpp(302,33): warning C4244: аргумент: преобразование "double" в "GLfloat", возможна потеря данных
D:\Мой код\myC++_GPT4_raycasting_freeglut\myC++_GPT4_raycasting_freeglut\main.cpp(305,47): warning C4244: аргумент: преобразование "double" в "GLfloat", возможна потеря данных
D:\Мой код\myC++_GPT4_raycasting_freeglut\myC++_GPT4_raycasting_freeglut\main.cpp(305,33): warning C4244: аргумент: преобразование "double" в "GLfloat", возможна потеря данных
D:\Мой код\myC++_GPT4_raycasting_freeglut\myC++_GPT4_raycasting_freeglut\main.cpp(369,16): warning C4244: аргумент: преобразование "int" в "GLfloat", возможна потеря данных
D:\Мой код\myC++_GPT4_raycasting_freeglut\myC++_GPT4_raycasting_freeglut\main.cpp(370,25): warning C4244: аргумент: преобразование "int" в "GLfloat", возможна потеря данных
D:\Мой код\myC++_GPT4_raycasting_freeglut\myC++_GPT4_raycasting_freeglut\main.cpp(370,16): warning C4244: аргумент: преобразование "int" в "GLfloat", возможна потеря данных
D:\Мой код\myC++_GPT4_raycasting_freeglut\myC++_GPT4_raycasting_freeglut\main.cpp(371,23): warning C4244: аргумент: преобразование "int" в "GLfloat", возможна потеря данных
D:\Мой код\myC++_GPT4_raycasting_freeglut\myC++_GPT4_raycasting_freeglut\main.cpp(425,21): warning C4244: инициализация: преобразование "double" в "float", возможна потеря данных
D:\Мой код\myC++_GPT4_raycasting_freeglut\myC++_GPT4_raycasting_freeglut\main.cpp(426,21): warning C4244: инициализация: преобразование "double" в "float", возможна потеря данных
D:\Мой код\myC++_GPT4_raycasting_freeglut\myC++_GPT4_raycasting_freeglut\main.cpp(433,21): warning C4244: инициализация: преобразование "double" в "float", возможна потеря данных
D:\Мой код\myC++_GPT4_raycasting_freeglut\myC++_GPT4_raycasting_freeglut\main.cpp(434,21): warning C4244: инициализация: преобразование "double" в "float", возможна потеря данных
D:\Мой код\myC++_GPT4_raycasting_freeglut\myC++_GPT4_raycasting_freeglut\main.cpp(441,21): warning C4244: инициализация: преобразование "double" в "float", возможна потеря данных
D:\Мой код\myC++_GPT4_raycasting_freeglut\myC++_GPT4_raycasting_freeglut\main.cpp(442,21): warning C4244: инициализация: преобразование "double" в "float", возможна потеря данных
D:\Мой код\myC++_GPT4_raycasting_freeglut\myC++_GPT4_raycasting_freeglut\main.cpp(449,21): warning C4244: инициализация: преобразование "double" в "float", возможна потеря данных
D:\Мой код\myC++_GPT4_raycasting_freeglut\myC++_GPT4_raycasting_freeglut\main.cpp(450,21): warning C4244: инициализация: преобразование "double" в "float", возможна потеря данных
D:\Мой код\myC++_GPT4_raycasting_freeglut\myC++_GPT4_raycasting_freeglut\main.cpp(466,20): warning C4244: инициализация: преобразование "double" в "float", возможна потеря данных
  myC++_GPT4_raycasting_freeglut.vcxproj -> D:\Мой код\myC++_GPT4_raycasting_freeglut\myC++_GPT4_raycasting_freeglut\Debug\myC++_GPT4_raycasting_freeglut.exe
